[1/3] TOOL build/tools/dtk
Downloading https://github.com/encounter/decomp-toolkit/releases/download/v1.8.3/dtk-macos-arm64 to build/tools/dtk
[2/3] SPLIT config/GCCP01/config.yml
 INFO Loading config/GCCP01/config.yml
 INFO Loading and analyzing 1 module (using 1 thread)
 INFO Initial analysis completed in 0.178s (found 4732 functions)
 INFO Rebuilding relocations and splitting
 WARN module{name=main id=0}: Alignment for pad.cpp .rodata expected 8, but starts at 6:0x801D6D34
 WARN module{name=main id=0}: Alignment for p_menu.cpp .rodata expected 8, but starts at 6:0x801D9D3C
 WARN module{name=main id=0}: Alignment for gobjwork.cpp .rodata expected 8, but starts at 6:0x801D9F64
 WARN module{name=main id=0}: Alignment for ringmenu.cpp .rodata expected 8, but starts at 6:0x801DA01C
 WARN module{name=main id=0}: Alignment for joybus.cpp .rodata expected 8, but starts at 6:0x801DA0A4
 WARN module{name=main id=0}: Alignment for chara_fur.cpp .rodata expected 8, but starts at 6:0x801DB72C
 WARN module{name=main id=0}: Alignment for p_minigame.cpp .rodata expected 8, but starts at 6:0x801DD0D4
 WARN module{name=main id=0}: Alignment for goout.cpp .rodata expected 8, but starts at 6:0x801DF264
 WARN module{name=main id=0}: Alignment for graphic.cpp .data expected 8, but starts at 7:0x801E83FC
 WARN module{name=main id=0}: Alignment for cflat_r2system.cpp .data expected 8, but starts at 7:0x80210174
 WARN module{name=main id=0}: Alignment for chara_anim.cpp .data expected 8, but starts at 7:0x80210534
 WARN module{name=main id=0}: Alignment for memorycard.cpp .data expected 8, but starts at 7:0x8021054C
 WARN module{name=main id=0}: Alignment for sound.cpp .data expected 8, but starts at 7:0x8021056C
 WARN module{name=main id=0}: Alignment for wm_menu.cpp .data expected 8, but starts at 7:0x80210FDC
 WARN module{name=main id=0}: Alignment for partyobj.cpp .data expected 8, but starts at 7:0x802116A4
 WARN module{name=main id=0}: Alignment for game.cpp .bss expected 8, but starts at 8:0x8021EEB4
 WARN module{name=main id=0}: Alignment for mapocttree.cpp .sbss expected 8, but starts at 10:0x8032ECA4
 WARN module{name=main id=0}: Alignment for p_chara_viewer.cpp .sbss expected 8, but starts at 10:0x8032EDC4
 WARN module{name=main id=0}: Alignment for wm_menu.cpp .sbss expected 8, but starts at 10:0x8032EE1C
 WARN module{name=main id=0}: Alignment for partyobj.cpp .sbss expected 8, but starts at 10:0x8032EE7C
 WARN module{name=main id=0}: Alignment for map.cpp .sdata2 expected 8, but starts at 11:0x8032F984
 WARN module{name=main id=0}: Alignment for pppKeZCrctShp.cpp .sdata2 expected 8, but starts at 11:0x80330504
 WARN module{name=main id=0}: Alignment for p_menu.cpp .sdata2 expected 8, but starts at 11:0x80330714
 WARN module{name=main id=0}: Alignment for pppYmDeformationMdl.cpp .sdata2 expected 8, but starts at 11:0x80330DAC
 WARN module{name=main id=0}: Alignment for pppRain.cpp .sdata2 expected 8, but starts at 11:0x80330FD4
 WARN module{name=main id=0}: Alignment for pppEmission.cpp .sdata2 expected 8, but starts at 11:0x8033111C
 WARN module{name=main id=0}: Alignment for wm_menu.cpp .sdata2 expected 8, but starts at 11:0x80331134
 WARN module{name=main id=0}: Alignment for THPSimple.cpp .sdata2 expected 8, but starts at 11:0x8033186C
 INFO Splitting completed in 0.379s (wrote 558 objects)
 INFO Total time: 0.559s
[3/3] RUN configure.py
[1/491] TOOL build/tools/sjiswrap.exe
Downloading https://github.com/encounter/sjiswrap/releases/download/v1.2.2/sjiswrap-windows-x86.exe to build/tools/sjiswrap.exe
[2/491] TOOL build/compilers
Downloading https://files.decomp.dev/compilers_20250812.zip to build/compilers
[3/491] TOOL build/tools/wibo
Downloading https://github.com/decompals/wibo/releases/download/1.0.0-beta.5/wibo-macos to build/tools/wibo
[4/491] MWCC build/GCCP01/src/strcase.o
[5/491] MWCC build/GCCP01/src/ref.o
[6/491] MWCC build/GCCP01/src/p_system.o
[7/491] MWCC build/GCCP01/src/maplight.o
[8/491] MWCC build/GCCP01/src/p_sample.o
[9/491] MWCC build/GCCP01/src/USBStreamData.o
[10/491] MWCC build/GCCP01/src/zlist.o
[11/491] MWCC build/GCCP01/src/pppGetRotMatrixX.o
[12/491] MWCC build/GCCP01/src/p_game.o
[13/491] MWCC build/GCCP01/src/pppGetRotMatrixXYZ.o
[14/491] MWCC build/GCCP01/src/pppGetRotMatrixZYX.o
[15/491] MWCC build/GCCP01/src/pppGetRotMatrixY.o
[16/491] MWCC build/GCCP01/src/pppAccele.o
[17/491] MWCC build/GCCP01/src/pppAngAccele.o
[18/491] MWCC build/GCCP01/src/pppGetRotMatrixZXY.o
[19/491] MWCC build/GCCP01/src/pppGetRotMatrixYZX.o
[20/491] MWCC build/GCCP01/src/pppGetRotMatrixYXZ.o
[21/491] MWCC build/GCCP01/src/pppAngle.o
[22/491] MWCC build/GCCP01/src/pppGetRotMatrixZ.o
[23/491] MWCC build/GCCP01/src/pppGetRotMatrixXZY.o
[24/491] MWCC build/GCCP01/src/pppColMove.o
[25/491] MWCC build/GCCP01/src/pppAngMove.o
[26/491] MWCC build/GCCP01/src/pppColAccele.o
[27/491] MWCC build/GCCP01/src/pppMatrixXYZ.o
[28/491] MWCC build/GCCP01/src/pppColor.o
[29/491] MWCC build/GCCP01/src/pppMatrixScl.o
[30/491] MWCC build/GCCP01/src/pppMatrixLoc.o
[31/491] MWCC build/GCCP01/src/pppMatrixYZX.o
[32/491] MWCC build/GCCP01/src/pppMatrixXZY.o
[33/491] MWCC build/GCCP01/src/pppMatrixYXZ.o
[34/491] MWCC build/GCCP01/src/pppParMatrix.o
[35/491] MWCC build/GCCP01/src/pppMatrixZXY.o
[36/491] MWCC build/GCCP01/src/pppPObjPoint.o
[37/491] MWCC build/GCCP01/src/pppPointAp.o
[38/491] MWCC build/GCCP01/src/pppMove.o
[39/491] MWCC build/GCCP01/src/pppMatrixZYX.o
[40/491] MWCC build/GCCP01/src/pppPoint.o
[41/491] MWCC build/GCCP01/src/pppPointRAp.o
[42/491] MWCC build/GCCP01/src/pppRandDownChar.o
[43/491] MWCC build/GCCP01/src/pppRandChar.o
[44/491] MWCC build/GCCP01/src/pppRandDownFloat.o
[45/491] MWCC build/GCCP01/src/pppRandDownInt.o
[46/491] MWCC build/GCCP01/src/pppRandUpFloat.o
[47/491] MWCC build/GCCP01/src/pppRandUpShort.o
[48/491] MWCC build/GCCP01/src/pppRandInt.o
[49/491] MWCC build/GCCP01/src/pppRandFloat.o
[50/491] MWCC build/GCCP01/src/pppRandUpChar.o
[51/491] MWCC build/GCCP01/src/pppRandUpInt.o
[52/491] MWCC build/GCCP01/src/pppScale.o
[53/491] MWCC build/GCCP01/src/pppRandDownShort.o
[54/491] MWCC build/GCCP01/src/pppRandFV.o
[55/491] MWCC build/GCCP01/src/pppRandShort.o
[56/491] MWCC build/GCCP01/src/pppSRandFV.o
[57/491] MWCC build/GCCP01/src/pppSclAccele.o
[58/491] MWCC build/GCCP01/src/pppSRandDownCV.o
[59/491] MWCC build/GCCP01/src/pppSRandHCV.o
[60/491] MWCC build/GCCP01/src/pppSclMove.o
[61/491] MWCC build/GCCP01/src/pppSRandUpCV.o
[62/491] MWCC build/GCCP01/src/pppSRandDownFV.o
[63/491] MWCC build/GCCP01/src/pppSRandDownHCV.o
[64/491] TOOL build/tools/objdiff-cli
Downloading https://github.com/encounter/objdiff/releases/download/v3.6.1/objdiff-cli-macos-arm64 to build/tools/objdiff-cli
[65/491] MWCC build/GCCP01/src/pppSRandUpFV.o
[66/491] MWCC build/GCCP01/src/pppSRandCV.o
[67/491] MWCC build/GCCP01/src/pppSRandUpHCV.o
[68/491] MWCC build/GCCP01/src/pppsintbl.o
[69/491] MWCC build/GCCP01/src/pppVertexApLc.o
[70/491] MWCC build/GCCP01/src/pppVertexApAt.o
[71/491] MWCC build/GCCP01/src/pppDrawMdl.o
[72/491] MWCC build/GCCP01/src/pppVertexAp.o
[73/491] MWCC build/GCCP01/src/pppVertexAttend.o
[74/491] MWCC build/GCCP01/src/pppDrawMatrix.o
[75/491] MWCC build/GCCP01/src/pppVtMime.o
[76/491] MWCC build/GCCP01/src/pppDrawShape.o
[77/491] MWCC build/GCCP01/src/pppDrawMatrixFront.o
[78/491] MWCC build/GCCP01/src/pppfunctbl.o
[79/491] MWCC build/GCCP01/src/pppDrawMatrixNoRot.o
[80/491] MWCC build/GCCP01/src/pppKeShpTail.o
[81/491] TOOL build/binutils
Downloading https://github.com/encounter/gc-wii-binutils/releases/download/2.42-1/macos-universal.zip to build/binutils
[82/491] MWCC build/GCCP01/src/pppKeLns.o
[83/491] MWCC build/GCCP01/src/pppDrawMng.o
[84/491] MWCC build/GCCP01/src/pppWDrawMatrix.o
[85/491] MWCC build/GCCP01/src/pppWDrawMatrixFront.o
[86/491] MWCC build/GCCP01/src/pppDrawMatrixWood.o
[87/491] MWCC build/GCCP01/src/KeLns.o
[88/491] MWCC build/GCCP01/src/vector.o
[89/491] MWCC build/GCCP01/src/menu.o
[90/491] MWCC build/GCCP01/src/color.o
[91/491] MWCC build/GCCP01/src/pppDrawMatrixFrontLnr.o
[92/491] MWCC build/GCCP01/src/pppParMoveLine.o
[93/491] MWCC build/GCCP01/src/pppPointApMtx.o
[94/491] MWCC build/GCCP01/src/pppYmMoveCircle.o
[95/491] MWCC build/GCCP01/src/cflat_data.o
[96/491] MWCC build/GCCP01/src/pppWDrawMatrixLoop.o
[97/491] MWCC build/GCCP01/src/pppWDrawMatrixFrontLoop.o
[98/491] MWCC build/GCCP01/src/pppParHitSph.o
[99/491] MWCC build/GCCP01/src/pppYmCallBack.o
[100/491] MWCC build/GCCP01/src/pppSDrawMatrix.o
[101/491] MWCC build/GCCP01/src/pppSpMatrix.o
[102/491] MWCC build/GCCP01/src/pppDrawShape2.o
[103/491] MWCC build/GCCP01/src/pppEraseCharaParts.o
[104/491] MWCC build/GCCP01/src/pppAlignmentScale.o
[105/491] MWCC build/GCCP01/src/pppYmLookOn.o
[106/491] MWCC build/GCCP01/src/pppYmTraceMove.o
[107/491] MWCC build/GCCP01/src/pppYmCheckBGHeight.o
[108/491] MWCC build/GCCP01/src/pppLight.o
[109/491] MWCC build/GCCP01/src/p_sound.o
[110/491] MWCC build/GCCP01/src/pppConformBGNormal.o
[111/491] MWCC build/GCCP01/src/baseobj.o
[112/491] MWCC build/GCCP01/src/pppParMoveMatrix.o
[113/491] MWCC build/GCCP01/src/pppBindOnlyPos.o
[114/491] MWCC build/GCCP01/src/pppScreenQuake.o
[115/491] MWCC build/GCCP01/src/pppParHitSphMat.o
[116/491] MWCC build/GCCP01/src/pppLerpPos.o
[117/491] MWCC build/GCCP01/src/pppCallBackDistance.o
[118/491] MWCC build/GCCP01/src/pppFilter.o
[119/491] MWCC build/GCCP01/src/pppScreenBlur.o
[120/491] MWCC build/GCCP01/src/pppCharaZEnvCtrl.o
[121/491] MWCC build/GCCP01/src/pppChangeBGColor.o
[122/491] MWCC build/GCCP01/src/pppDrawMatrixLoc.o
[123/491] MWCC build/GCCP01/src/base/PPCArch.o
[124/491] MWCC build/GCCP01/src/monobj_table.o
[125/491] MWCC build/GCCP01/src/os/OSArena.o
[126/491] MWCC build/GCCP01/src/pppConstrainCameraForLoc.o
[127/491] MWCC build/GCCP01/src/db/db.o
[128/491] MWCC build/GCCP01/src/pppConstrainCameraDir2.o
[129/491] MWCC build/GCCP01/src/os/OS.o
[130/491] MWCC build/GCCP01/src/pppFovAdjustMatrix.o
[131/491] MWCC build/GCCP01/src/os/OSAlloc.o
[132/491] MWCC build/GCCP01/src/os/OSAudioSystem.o
[133/491] MWCC build/GCCP01/src/os/OSAlarm.o
[134/491] MWCC build/GCCP01/src/os/OSCache.o
[135/491] MWCC build/GCCP01/src/os/OSError.o
[136/491] MWCC build/GCCP01/src/os/OSMessage.o
[137/491] MWCC build/GCCP01/src/os/OSContext.o
[138/491] MWCC build/GCCP01/src/os/OSInterrupt.o
[139/491] MWCC build/GCCP01/src/os/OSLink.o
[140/491] MWCC build/GCCP01/src/os/OSFont.o
[141/491] MWCC build/GCCP01/src/os/OSReboot.o
[142/491] MWCC build/GCCP01/src/os/OSMutex.o
[143/491] MWCC build/GCCP01/src/os/OSMemory.o
[144/491] MWCC build/GCCP01/src/os/OSReset.o
[145/491] MWCC build/GCCP01/src/os/OSResetSW.o
[146/491] MWCC build/GCCP01/src/os/OSRtc.o
[147/491] MWCC build/GCCP01/src/os/OSStopwatch.o
[148/491] MWCC build/GCCP01/src/os/__ppc_eabi_init.o
[149/491] MWCC build/GCCP01/src/os/OSSemaphore.o
[150/491] MWCC build/GCCP01/src/os/OSSync.o
[151/491] MWCC build/GCCP01/src/exi/EXIUart.o
[152/491] MWCC build/GCCP01/src/dolphin/os/__start.o
[153/491] MWCC build/GCCP01/src/mtx/mtxvec.o
[154/491] MWCC build/GCCP01/src/si/SIBios.o
[155/491] MWCC build/GCCP01/src/si/SISamplingRate.o
[156/491] MWCC build/GCCP01/src/exi/EXIBios.o
[157/491] MWCC build/GCCP01/src/mtx/mtx44vec.o
[158/491] MWCC build/GCCP01/src/mtx/mtx.o
[159/491] MWCC build/GCCP01/src/os/OSTime.o
[160/491] MWCC build/GCCP01/src/os/OSThread.o
[161/491] MWCC build/GCCP01/src/mtx/vec.o
[162/491] MWCC build/GCCP01/src/mtx/quat.o
[163/491] MWCC build/GCCP01/src/dvd/dvdlow.o
[164/491] MWCC build/GCCP01/src/mtx/mtx44.o
[165/491] MWCC build/GCCP01/src/dvd/dvdqueue.o
[166/491] MWCC build/GCCP01/src/dvd/fstload.o
[167/491] MWCC build/GCCP01/src/dvd/dvdfs.o
[168/491] MWCC build/GCCP01/src/dvd/dvd.o
[169/491] MWCC build/GCCP01/src/dvd/dvdFatal.o
[170/491] MWCC build/GCCP01/src/dvd/dvderror.o
[171/491] MWCC build/GCCP01/src/pad/Padclamp.o
[172/491] MWCC build/GCCP01/src/dvd/dvdidutils.o
[173/491] MWCC build/GCCP01/src/pad/Pad.o
[174/491] MWCC build/GCCP01/src/ai/ai.o
[175/491] MWCC build/GCCP01/src/ar/arq.o
[176/491] MWCC build/GCCP01/src/vi/vi.o
[177/491] MWCC build/GCCP01/src/ax/AX.o
[178/491] MWCC build/GCCP01/src/ax/AXAux.o
[179/491] MWCC build/GCCP01/src/ax/AXCL.o
[180/491] MWCC build/GCCP01/src/ax/DSPCode.o
[181/491] MWCC build/GCCP01/src/ax/AXComp.o
[182/491] MWCC build/GCCP01/src/ax/AXSPB.o
[183/491] MWCC build/GCCP01/src/ax/AXAlloc.o
[184/491] MWCC build/GCCP01/src/ax/AXOut.o
[185/491] MWCC build/GCCP01/src/ar/ar.o
[186/491] MWCC build/GCCP01/src/ax/AXVPB.o
[187/491] MWCC build/GCCP01/src/ax/AXProf.o
[188/491] MWCC build/GCCP01/src/axfx/chorus.o
[189/491] MWCC build/GCCP01/src/axfx/reverb_hi.o
[190/491] MWCC build/GCCP01/src/axart/axart.o
[191/491] MWCC build/GCCP01/src/dsp/dsp.o
[192/491] MWCC build/GCCP01/src/axfx/axfx.o
[193/491] MWCC build/GCCP01/src/axfx/delay.o
[194/491] MWCC build/GCCP01/src/dsp/dsp_debug.o
[195/491] MWCC build/GCCP01/src/axart/axart3d.o
[196/491] MWCC build/GCCP01/src/axfx/reverb_hi_4ch.o
[197/491] MWCC build/GCCP01/src/axfx/reverb_std.o
[198/491] MWCC build/GCCP01/src/dsp/dsp_task.o
[199/491] MWCC build/GCCP01/src/card/CARDBios.o
[200/491] MWCC build/GCCP01/src/mix/mix.o
[201/491] MWCC build/GCCP01/src/card/CARDRdwr.o
[202/491] MWCC build/GCCP01/src/card/CARDMount.o
[203/491] MWCC build/GCCP01/src/card/CARDDir.o
[204/491] MWCC build/GCCP01/src/card/CARDCheck.o
[205/491] MWCC build/GCCP01/src/card/CARDFormat.o
[206/491] MWCC build/GCCP01/src/card/CARDOpen.o
[207/491] MWCC build/GCCP01/src/card/CARDBlock.o
[208/491] MWCC build/GCCP01/src/card/CARDCreate.o
[209/491] MWCC build/GCCP01/src/card/CARDUnlock.o
[210/491] MWCC build/GCCP01/src/card/CARDRead.o
[211/491] MWCC build/GCCP01/src/card/CARDDelete.o
[212/491] MWCC build/GCCP01/src/card/CARDWrite.o
[213/491] MWCC build/GCCP01/src/card/CARDNet.o
[214/491] MWCC build/GCCP01/src/card/CARDStat.o
[215/491] MWCC build/GCCP01/src/gx/GXGeometry.o
[216/491] MWCC build/GCCP01/src/gx/GXFifo.o
[217/491] MWCC build/GCCP01/src/gx/GXFrameBuf.o
[218/491] MWCC build/GCCP01/src/gx/GXMisc.o
[219/491] MWCC build/GCCP01/src/gx/GXInit.o
[220/491] MWCC build/GCCP01/src/gx/GXTev.o
[221/491] MWCC build/GCCP01/src/gx/GXAttr.o
[222/491] MWCC build/GCCP01/src/gx/GXBump.o
[223/491] MWCC build/GCCP01/src/gx/GXStubs.o
[224/491] MWCC build/GCCP01/src/gx/GXLight.o
[225/491] MWCC build/GCCP01/src/gx/GXDisplayList.o
[226/491] MWCC build/GCCP01/src/gx/GXTexture.o
[227/491] MWCC build/GCCP01/src/gx/GXPixel.o
[228/491] MWCC build/GCCP01/src/gba/GBA.o
[229/491] MWCC build/GCCP01/src/gba/GBARead.o
[230/491] MWCC build/GCCP01/src/gx/GXTransform.o
[231/491] MWCC build/GCCP01/src/gba/GBAGetProcessStatus.o
[232/491] MWCC build/GCCP01/src/gba/GBAWrite.o
[233/491] MWCC build/GCCP01/src/gx/GXPerf.o
[234/491] MWCC build/GCCP01/src/gba/GBAJoyBoot.o
[235/491] MWCC build/GCCP01/src/gba/GBAKey.o
[236/491] MWCC build/GCCP01/src/gba/GBAXfer.o
[237/491] MWCC build/GCCP01/src/TRK_MINNOW_DOLPHIN/nubevent.o
[238/491] MWCC build/GCCP01/src/TRK_MINNOW_DOLPHIN/mainloop.o
[239/491] MWCC build/GCCP01/src/TRK_MINNOW_DOLPHIN/usr_put.o
[240/491] MWCC build/GCCP01/src/TRK_MINNOW_DOLPHIN/msg.o
[241/491] MWCC build/GCCP01/src/TRK_MINNOW_DOLPHIN/nubinit.o
[242/491] AS build/GCCP01/src/TRK_MINNOW_DOLPHIN/targsupp.o
[243/491] MWCC build/GCCP01/src/TRK_MINNOW_DOLPHIN/msgbuf.o
[244/491] AS build/GCCP01/src/TRK_MINNOW_DOLPHIN/__exception.o
[245/491] MWCC build/GCCP01/src/TRK_MINNOW_DOLPHIN/dispatch.o
[246/491] MWCC build/GCCP01/src/TRK_MINNOW_DOLPHIN/serpoll.o
[247/491] MWCC build/GCCP01/src/TRK_MINNOW_DOLPHIN/flush_cache.o
[248/491] MWCC build/GCCP01/src/dolphin/os/__ppc_eabi_init.o
[249/491] MWCC build/GCCP01/src/TRK_MINNOW_DOLPHIN/mutex_TRK.o
[250/491] MWCC build/GCCP01/src/TRK_MINNOW_DOLPHIN/notify.o
[251/491] MWCC build/GCCP01/src/TRK_MINNOW_DOLPHIN/msghndlr.o
[252/491] MWCC build/GCCP01/src/TRK_MINNOW_DOLPHIN/support.o
[253/491] MWCC build/GCCP01/src/TRK_MINNOW_DOLPHIN/mem_TRK.o
[254/491] MWCC build/GCCP01/src/TRK_MINNOW_DOLPHIN/mpc_7xx_603e.o
[255/491] MWCC build/GCCP01/src/TRK_MINNOW_DOLPHIN/UDP_Stubs.o
[256/491] MWCC build/GCCP01/src/TRK_MINNOW_DOLPHIN/main_TRK.o
[257/491] MWCC build/GCCP01/src/TRK_MINNOW_DOLPHIN/targcont.o
[258/491] MWCC build/GCCP01/src/TRK_MINNOW_DOLPHIN/CircleBuffer.o
[259/491] MWCC build/GCCP01/src/TRK_MINNOW_DOLPHIN/dolphin_trk.o
[260/491] MWCC build/GCCP01/src/TRK_MINNOW_DOLPHIN/targimpl.o
### mwcceppc.exe Compiler:
#    File: src\TRK_MINNOW_DOLPHIN\targimpl.c
# ------------------------------------------
#    1182: lis r2, gTRKExceptionStatus@h
# Warning: ^^^
#   ambiguous use of local variable(r3) and assembler register(r3) name
[261/491] MWCC build/GCCP01/src/TRK_MINNOW_DOLPHIN/target_options.o
[262/491] MWCC build/GCCP01/src/TRK_MINNOW_DOLPHIN/mslsupp.o
[263/491] MWCC build/GCCP01/src/TRK_MINNOW_DOLPHIN/main.o
[264/491] MWCC build/GCCP01/src/TRK_MINNOW_DOLPHIN/dolphin_trk_glue.o
[265/491] MWCC build/GCCP01/src/Runtime.PPCEABI.H/ptmf.o
[266/491] MWCC build/GCCP01/src/Runtime.PPCEABI.H/__va_arg.o
[267/491] MWCC build/GCCP01/src/TRK_MINNOW_DOLPHIN/main_gdev.o
[268/491] MWCC build/GCCP01/src/Runtime.PPCEABI.H/New.o
[269/491] MWCC build/GCCP01/src/TRK_MINNOW_DOLPHIN/MWCriticalSection_gc.o
[270/491] MWCC build/GCCP01/src/Runtime.PPCEABI.H/CPlusLibPPC.o
[271/491] MWCC build/GCCP01/src/Runtime.PPCEABI.H/NMWException.o
[272/491] MWCC build/GCCP01/src/Runtime.PPCEABI.H/global_destructor_chain.o
[273/491] MWCC build/GCCP01/src/TRK_MINNOW_DOLPHIN/MWTrace.o
[274/491] MWCC build/GCCP01/src/Runtime.PPCEABI.H/__init_cpp_exceptions.o
[275/491] MWCC build/GCCP01/src/MSL_C/PPCEABI/bare/H/errno.o
[276/491] MWCC build/GCCP01/src/Runtime.PPCEABI.H/runtime.o
[277/491] MWCC build/GCCP01/src/MSL_C/PPCEABI/bare/H/ansi_files.o
[278/491] MWCC build/GCCP01/src/Runtime.PPCEABI.H/GCN_mem_alloc.o
[279/491] MWCC build/GCCP01/src/MSL_C/PPCEABI/bare/H/abort_exit.o
[280/491] MWCC build/GCCP01/src/MSL_C/PPCEABI/bare/H/gamecube.o
[281/491] MWCC build/GCCP01/src/MSL_C/PPCEABI/bare/H/ctype.o
[282/491] MWCC build/GCCP01/src/MSL_C/PPCEABI/bare/H/alloc.o
[283/491] MWCC build/GCCP01/src/MSL_C/PPCEABI/bare/H/buffer_io.o
[284/491] MWCC build/GCCP01/src/Runtime.PPCEABI.H/Gecko_ExceptionPPC.o
[285/491] MWCC build/GCCP01/src/MSL_C/PPCEABI/bare/H/direct_io.o
[286/491] MWCC build/GCCP01/src/MSL_C/PPCEABI/bare/H/file_io.o
[287/491] MWCC build/GCCP01/src/MSL_C/PPCEABI/bare/H/FILE_POS.o
[288/491] MWCC build/GCCP01/src/MSL_C/PPCEABI/bare/H/misc_io.o
[289/491] MWCC build/GCCP01/src/MSL_C/PPCEABI/bare/H/mem.o
[290/491] MWCC build/GCCP01/src/MSL_C/PPCEABI/bare/H/mbstring.o
[291/491] MWCC build/GCCP01/src/MSL_C/PPCEABI/bare/H/mem_funcs.o
[292/491] MWCC build/GCCP01/src/MSL_C/PPCEABI/bare/H/float.o
[293/491] MWCC build/GCCP01/src/MSL_C/PPCEABI/bare/H/string.o
[294/491] MWCC build/GCCP01/src/MSL_C/PPCEABI/bare/H/signal.o
[295/491] MWCC build/GCCP01/src/MSL_C/PPCEABI/bare/H/wchar_io.o
[296/491] MWCC build/GCCP01/src/MSL_C/PPCEABI/bare/H/rand.o
[297/491] MWCC build/GCCP01/src/MSL_C/PPCEABI/bare/H/e_acos.o
[298/491] MWCC build/GCCP01/src/MSL_C/PPCEABI/bare/H/e_atan2.o
[299/491] MWCC build/GCCP01/src/MSL_C/PPCEABI/bare/H/uart_console_io_gcn.o
[300/491] MWCC build/GCCP01/src/MSL_C/PPCEABI/bare/H/e_fmod.o
[301/491] MWCC build/GCCP01/src/MSL_C/PPCEABI/bare/H/e_pow.o
[302/491] MWCC build/GCCP01/src/MSL_C/PPCEABI/bare/H/e_rem_pio2.o
[303/491] MWCC build/GCCP01/src/MSL_C/PPCEABI/bare/H/ansi_fp.o
[304/491] MWCC build/GCCP01/src/MSL_C/PPCEABI/bare/H/k_cos.o
[305/491] MWCC build/GCCP01/src/MSL_C/PPCEABI/bare/H/k_sin.o
[306/491] MWCC build/GCCP01/src/MSL_C/PPCEABI/bare/H/printf.o
[307/491] MWCC build/GCCP01/src/MSL_C/PPCEABI/bare/H/k_tan.o
[308/491] MWCC build/GCCP01/src/MSL_C/PPCEABI/bare/H/s_copysign.o
[309/491] MWCC build/GCCP01/src/MSL_C/PPCEABI/bare/H/s_cos.o
[310/491] MWCC build/GCCP01/src/MSL_C/PPCEABI/bare/H/s_atan.o
[311/491] MWCC build/GCCP01/src/MSL_C/PPCEABI/bare/H/k_rem_pio2.o
[312/491] MWCC build/GCCP01/src/MSL_C/PPCEABI/bare/H/s_frexp.o
[313/491] MWCC build/GCCP01/src/MSL_C/PPCEABI/bare/H/s_floor.o
[314/491] MWCC build/GCCP01/src/MSL_C/PPCEABI/bare/H/s_sin.o
[315/491] MWCC build/GCCP01/src/MSL_C/PPCEABI/bare/H/s_modf.o
[316/491] MWCC build/GCCP01/src/MSL_C/PPCEABI/bare/H/w_acos.o
[317/491] MWCC build/GCCP01/src/MSL_C/PPCEABI/bare/H/w_fmod.o
[318/491] MWCC build/GCCP01/src/MSL_C/PPCEABI/bare/H/s_ldexp.o
[319/491] MWCC build/GCCP01/src/MSL_C/PPCEABI/bare/H/s_tan.o
[320/491] MWCC build/GCCP01/src/MSL_C/PPCEABI/bare/H/w_atan2.o
[321/491] MWCC build/GCCP01/src/MSL_C/PPCEABI/bare/H/math_ppc.o
[322/491] MWCC build/GCCP01/src/MSL_C/PPCEABI/bare/H/w_pow.o
[323/491] MWCC build/GCCP01/src/MSL_C/PPCEABI/bare/H/w_sqrt.o
[324/491] MWCC build/GCCP01/src/MSL_C/PPCEABI/bare/H/e_sqrt.o
[325/491] MWCC build/GCCP01/src/amcstubs/AmcExi2Stubs.o
[326/491] MWCC build/GCCP01/src/OdemuExi2/DebuggerDriver.o
[327/491] MWCC build/GCCP01/src/chunkfile.o
[328/491] MWCC build/GCCP01/src/odenotstub/odenotstub.o
[329/491] MWCC build/GCCP01/src/thp/THPAudio.o
[330/491] MWCC build/GCCP01/src/main.o
[331/491] MWCC build/GCCP01/src/file.o
[332/491] MWCC build/GCCP01/src/stopwatch.o
[333/491] MWCC build/GCCP01/src/p_usb.o
[334/491] MWCC build/GCCP01/src/usb.o
[335/491] MWCC build/GCCP01/src/math.o
[336/491] MWCC build/GCCP01/src/pad.o
[337/491] MWCC build/GCCP01/src/game.o
[338/491] MWCC build/GCCP01/src/graphic.o
[339/491] MWCC build/GCCP01/src/thp/THPDec.o
[340/491] MWCC build/GCCP01/src/util.o
[341/491] MWCC build/GCCP01/src/memory.o
[342/491] MWCC build/GCCP01/src/system.o
[343/491] MWCC build/GCCP01/src/mapmesh.o
[344/491] MWCC build/GCCP01/src/maphit.o
[345/491] MWCC build/GCCP01/src/textureman.o
[346/491] MWCC build/GCCP01/src/p_map.o
[347/491] MWCC build/GCCP01/src/mapocttree.o
[348/491] MWCC build/GCCP01/src/texanim.o
[349/491] MWCC build/GCCP01/src/map.o
[350/491] MWCC build/GCCP01/src/p_camera.o
[351/491] MWCC build/GCCP01/src/p_light.o
[352/491] MWCC build/GCCP01/src/mapanim.o
[353/491] MWCC build/GCCP01/src/materialman.o
[354/491] MWCC build/GCCP01/src/p_graphic.o
[355/491] MWCC build/GCCP01/src/mapobj.o
[356/491] MWCC build/GCCP01/src/ME_AppRequest.o
[357/491] MWCC build/GCCP01/src/mapshadow.o
[358/491] MWCC build/GCCP01/src/p_MaterialEditor.o
[359/491] MWCC build/GCCP01/src/p_FunnyShape.o
[360/491] MWCC build/GCCP01/src/ME_USB_process.o
[361/491] MWCC build/GCCP01/src/pppRandCV.o
[362/491] MWCC build/GCCP01/src/FS_USB_Process.o
[363/491] MWCC build/GCCP01/src/pppRandDownCV.o
[364/491] MWCC build/GCCP01/src/FunnyShape.o
[365/491] MWCC build/GCCP01/src/maptexanim.o
[366/491] MWCC build/GCCP01/src/p_tina.o
[367/491] MWCC build/GCCP01/src/pppRandDownFV.o
[368/491] MWCC build/GCCP01/src/pppRandDownIV.o
[369/491] MWCC build/GCCP01/src/pppRandDownHCV.o
[370/491] MWCC build/GCCP01/src/pppRandUpCV.o
[371/491] MWCC build/GCCP01/src/pppRandUpFV.o
[372/491] MWCC build/GCCP01/src/pppRandIV.o
[373/491] MWCC build/GCCP01/src/pppRandHCV.o
[374/491] MWCC build/GCCP01/src/pppPart.o
[375/491] MWCC build/GCCP01/src/pppRandUpHCV.o
[376/491] MWCC build/GCCP01/src/pppRandUpIV.o
[377/491] MWCC build/GCCP01/src/pppShape.o
[378/491] LINK build/GCCP01/main.elf
### mwldeppc.exe Linker Warning:
#   FORCEACTIVE symbol '__sinit_p_sample_cpp' is either not a global symbol or 
#   doesn't exist.  Ignored.
### mwldeppc.exe Linker Warning:
#   FORCEACTIVE symbol '__sinit_p_game_cpp' is either not a global symbol or 
#   doesn't exist.  Ignored.
### mwldeppc.exe Linker Warning:
#   FORCEACTIVE symbol '__sinit_p_system_cpp' is either not a global symbol or 
#   doesn't exist.  Ignored.
### mwldeppc.exe Linker Warning:
#   FORCEACTIVE symbol '__sinit_p_sound_cpp' is either not a global symbol or 
#   doesn't exist.  Ignored.
[379/491] MWCC build/GCCP01/src/partMng.o
[380/491] MWCC build/GCCP01/src/pppKeZCrctShp.o
[381/491] MWCC build/GCCP01/src/cflat_runtime.o
[382/491] MWCC build/GCCP01/src/pppRyjMegaBirth.o
[383/491] MWCC build/GCCP01/src/pppDrawMdlTs.o
[384/491] MWCC build/GCCP01/src/pppKeShpTail2X.o
[385/491] MWCC build/GCCP01/src/cflat_runtime2.o
[386/491] MWCC build/GCCP01/src/chara.o
[387/491] MWCC build/GCCP01/src/pppKeShpTail3X.o
[388/491] MWCC build/GCCP01/src/pppYmDrawMdlTexAnm.o
[389/491] MWCC build/GCCP01/src/pppKeDMat.o
[390/491] MWCC build/GCCP01/src/gobject.o
[391/491] MWCC build/GCCP01/src/pppRyjMegaBirthModel.o
[392/491] MWCC build/GCCP01/src/pppYmDeformationShp.o
[393/491] MWCC build/GCCP01/src/p_chara.o
[394/491] MWCC build/GCCP01/src/pppYmMegaBirthShpTail2.o
[395/491] MWCC build/GCCP01/src/pppYmMegaBirthShpTail3.o
[396/491] MWCC build/GCCP01/src/pppYmMiasma.o
[397/491] MWCC build/GCCP01/src/p_gba.o
[398/491] MWCC build/GCCP01/src/pppYmDeformationScreen.o
[399/491] MWCC build/GCCP01/src/fontman.o
[400/491] MWCC build/GCCP01/src/pppYmTracer.o
[401/491] MWCC build/GCCP01/src/p_menu.o
[402/491] MWCC build/GCCP01/src/pppYmMelt.o
[403/491] MWCC build/GCCP01/src/chara_anim.o
[404/491] MWCC build/GCCP01/src/mesmenu.o
[405/491] MWCC build/GCCP01/src/ringmenu.o
[406/491] MWCC build/GCCP01/src/pppYmBreath.o
[407/491] MWCC build/GCCP01/src/mes.o
[408/491] MWCC build/GCCP01/src/gobjwork.o
[409/491] MWCC build/GCCP01/src/p_chara_viewer.o
[410/491] MWCC build/GCCP01/src/cflat_r2class.o
[411/491] MWCC build/GCCP01/src/pppYmDeformationMdl.o
[412/491] MWCC build/GCCP01/src/pppVertexApMtx.o
[413/491] MWCC build/GCCP01/src/memorycard.o
[414/491] MWCC build/GCCP01/src/pppYmChangeTex.o
[415/491] MWCC build/GCCP01/src/pppYmMoveParabola.o
[416/491] MWCC build/GCCP01/src/sound.o
### mwcceppc.exe Compiler:
#    File: src\sound.cpp
# ----------------------
#    1550: }
# Warning: ^
#   return value expected
### mwcceppc.exe Compiler:
#    2085: }
# Warning: ^
#   return value expected
[417/491] MWCC build/GCCP01/src/pppYmLaser.o
[418/491] MWCC build/GCCP01/src/pppLocationTitle.o
[419/491] MWCC build/GCCP01/src/LocationTitle2.o
[420/491] MWCC build/GCCP01/src/wind.o
[421/491] MWCC build/GCCP01/src/joybus.o
[422/491] MWCC build/GCCP01/src/pppBreathModel.o
[423/491] MWCC build/GCCP01/src/pppYmMana.o
[424/491] MWCC build/GCCP01/src/gbaque.o
[425/491] MWCC build/GCCP01/src/pppLensFlare.o
[426/491] MWCC build/GCCP01/src/pppCrystal.o
[427/491] MWCC build/GCCP01/src/pppRain.o
[428/491] MWCC build/GCCP01/src/pppBlurChara.o
### mwcceppc.exe Compiler:
#    File: src\pppBlurChara.cpp
# -----------------------------
#     246: }
# Warning: ^
#   variable 'drawColor' is not initialized before being used
[429/491] MWCC build/GCCP01/src/pppColum.o
[430/491] MWCC build/GCCP01/src/gxfunc.o
[431/491] MWCC build/GCCP01/src/pppCorona.o
[432/491] MWCC build/GCCP01/src/THPDraw.o
[433/491] MWCC build/GCCP01/src/pppYmEnv.o
[434/491] MWCC build/GCCP01/src/pppEmission.o
[435/491] MWCC build/GCCP01/src/pppYmTracer2.o
[436/491] MWCC build/GCCP01/src/THPSimple.o
[437/491] MWCC build/GCCP01/src/quadobj.o
[438/491] MWCC build/GCCP01/src/prgobj.o
[439/491] MWCC build/GCCP01/src/chara_fur.o
[440/491] MWCC build/GCCP01/src/pppMana2.o
[441/491] MWCC build/GCCP01/src/p_mc.o
[442/491] MWCC build/GCCP01/src/pppMiasma.o
[443/491] MWCC build/GCCP01/src/itemobj.o
[444/491] MWCC build/GCCP01/src/monobj.o
[445/491] MWCC build/GCCP01/src/partyobj.o
[446/491] MWCC build/GCCP01/src/pppScaleLoopAuto.o
[447/491] MWCC build/GCCP01/src/charaobj.o
[448/491] MWCC build/GCCP01/src/pppScreenBreak.o
[449/491] MWCC build/GCCP01/src/p_dbgmenu.o
[450/491] MWCC build/GCCP01/src/monobj_boss.o
[451/491] MWCC build/GCCP01/src/pppCrystal2.o
[452/491] MWCC build/GCCP01/src/p_minigame.o
[453/491] MWCC build/GCCP01/src/pppChangeTex.o
[454/491] MWCC build/GCCP01/src/pppConstrainCameraDir.o
[455/491] MWCC build/GCCP01/src/pppCharaBreak.o
[456/491] MWCC build/GCCP01/src/astar.o
[457/491] MWCC build/GCCP01/src/menu_tmparti.o
[458/491] MWCC build/GCCP01/src/menu_item.o
[459/491] MWCC build/GCCP01/src/singmenu.o
[460/491] MWCC build/GCCP01/src/menu_equip.o
[461/491] MWCC build/GCCP01/src/menu_arti.o
[462/491] MWCC build/GCCP01/src/menu_cmd.o
### mwcceppc.exe Compiler:
#    File: src\menu_cmd.cpp
# -------------------------
#     795: return;
# Warning:       ^
#   return value expected
### mwcceppc.exe Compiler:
#     811: }
# Warning: ^
#   return value expected
[463/491] MWCC build/GCCP01/src/menu_money.o
[464/491] MWCC build/GCCP01/src/menu_compa.o
[465/491] MWCC build/GCCP01/src/menu_favo.o
[466/491] MWCC build/GCCP01/src/bonus_menu.o
[467/491] MWCC build/GCCP01/src/shopmenu.o
[468/491] MWCC build/GCCP01/src/menu_lst.o
[469/491] MWCC build/GCCP01/src/RedSound/RedMemory.o
[470/491] MWCC build/GCCP01/src/goout.o
[471/491] MWCC build/GCCP01/src/menu_letter.o
[472/491] MWCC build/GCCP01/src/wmm_str.o
[473/491] MWCC build/GCCP01/src/pppLaser.o
[474/491] DOL build/GCCP01/main.dol
[475/491] MWCC build/GCCP01/src/RedSound/RedDriver.o
[476/491] CHECK config/GCCP01/build.sha1
build/GCCP01/main.dol: OK
[477/491] MWCC build/GCCP01/src/RedSound/RedEntry.o
[478/491] MWCC build/GCCP01/src/MenuUtil.o
[479/491] MWCC build/GCCP01/src/wm_menu.o
### mwcceppc.exe Compiler:
#    File: src\wm_menu.cpp
# ------------------------
#   11233: return;
# Warning:       ^
#   return value expected
### mwcceppc.exe Compiler:
#   11258: return;
# Warning:       ^
#   return value expected
### mwcceppc.exe Compiler:
#   11262: return;
# Warning:       ^
#   return value expected
### mwcceppc.exe Compiler:
#   11287: return;
# Warning:       ^
#   return value expected
### mwcceppc.exe Compiler:
#   11290: return;
# Warning:       ^
#   return value expected
### mwcceppc.exe Compiler:
#   11310: return;
# Warning:       ^
#   return value expected
### mwcceppc.exe Compiler:
#   11345: return;
# Warning:       ^
#   return value expected
### mwcceppc.exe Compiler:
#   11365: return;
# Warning:       ^
#   return value expected
### mwcceppc.exe Compiler:
#   11397: }
# Warning: ^
#   return value expected
### mwcceppc.exe Compiler:
#   11524: return;
# Warning:       ^
#   return value expected
### mwcceppc.exe Compiler:
#   11548: return;
# Warning:       ^
#   return value expected
### mwcceppc.exe Compiler:
#   11552: return;
# Warning:       ^
#   return value expected
### mwcceppc.exe Compiler:
#   11576: return;
# Warning:       ^
#   return value expected
### mwcceppc.exe Compiler:
#   11579: return;
# Warning:       ^
#   return value expected
### mwcceppc.exe Compiler:
#   11593: return;
# Warning:       ^
#   return value expected
### mwcceppc.exe Compiler:
#   11617: return;
# Warning:       ^
#   return value expected
### mwcceppc.exe Compiler:
#   11621: return;
# Warning:       ^
#   return value expected
### mwcceppc.exe Compiler:
#   11650: return;
# Warning:       ^
#   return value expected
### mwcceppc.exe Compiler:
#   11667: return;
# Warning:       ^
#   return value expected
### mwcceppc.exe Compiler:
#   11688: return;
# Warning:       ^
#   return value expected
### mwcceppc.exe Compiler:
#   11706: return;
# Warning:       ^
#   return value expected
### mwcceppc.exe Compiler:
#   11728: return;
# Warning:       ^
#   return value expected
### mwcceppc.exe Compiler:
#   11747: return;
# Warning:       ^
#   return value expected
### mwcceppc.exe Compiler:
#   11772: return;
# Warning:       ^
#   return value expected
### mwcceppc.exe Compiler:
#   11800: }
# Warning: ^
#   return value expected
### mwcceppc.exe Compiler:
#   11815: return;
# Warning:       ^
#   return value expected
### mwcceppc.exe Compiler:
#   11839: return;
# Warning:       ^
#   return value expected
### mwcceppc.exe Compiler:
#   11843: return;
# Warning:       ^
#   return value expected
### mwcceppc.exe Compiler:
#   11868: return;
# Warning:       ^
#   return value expected
### mwcceppc.exe Compiler:
#   11871: return;
# Warning:       ^
#   return value expected
### mwcceppc.exe Compiler:
#   11887: return;
# Warning:       ^
#   return value expected
### mwcceppc.exe Compiler:
#   11905: return;
# Warning:       ^
#   return value expected
### mwcceppc.exe Compiler:
#   11925: return;
# Warning:       ^
#   return value expected
### mwcceppc.exe Compiler:
#   11953: }
# Warning: ^
#   return value expected
### mwcceppc.exe Compiler:
#   12239: unsigned int serialHi;
# Warning:              ^^^^^^^^
#   variable 'serialHi' is not initialized before being used
### mwcceppc.exe Compiler:
#   12640: return;
# Warning:       ^
#   return value expected
### mwcceppc.exe Compiler:
#   12664: return;
# Warning:       ^
#   return value expected
### mwcceppc.exe Compiler:
#   12668: return;
# Warning:       ^
#   return value expected
### mwcceppc.exe Compiler:
#   12692: return;
# Warning:       ^
#   return value expected
### mwcceppc.exe Compiler:
#   12695: return;
# Warning:       ^
#   return value expected
### mwcceppc.exe Compiler:
#   12709: return;
# Warning:       ^
#   return value expected
### mwcceppc.exe Compiler:
#   12733: return;
# Warning:       ^
#   return value expected
### mwcceppc.exe Compiler:
#   12737: return;
# Warning:       ^
#   return value expected
### mwcceppc.exe Compiler:
#   12766: return;
# Warning:       ^
#   return value expected
### mwcceppc.exe Compiler:
#   12783: return;
# Warning:       ^
#   return value expected
### mwcceppc.exe Compiler:
#   12804: return;
# Warning:       ^
#   return value expected
### mwcceppc.exe Compiler:
#   12822: return;
# Warning:       ^
#   return value expected
### mwcceppc.exe Compiler:
#   12844: return;
# Warning:       ^
#   return value expected
### mwcceppc.exe Compiler:
#   12868: return;
# Warning:       ^
#   return value expected
### mwcceppc.exe Compiler:
#   12888: return;
# Warning:       ^
#   return value expected
### mwcceppc.exe Compiler:
#   12916: }
# Warning: ^
#   return value expected
[480/491] MWCC build/GCCP01/src/RedSound/RedExecute.o
[481/491] MWCC build/GCCP01/src/RedSound/RedSound.o
[482/491] MWCC build/GCCP01/src/RedSound/RedStream.o
[483/491] MWCC build/GCCP01/src/RedSound/RedCommand.o
[484/491] MWCC build/GCCP01/src/cmake.o
[485/491] MWCC build/GCCP01/src/RedSound/RedMidiCtrl.o
[486/491] MWCC build/GCCP01/src/cflat_r2system.o
[487/491] REPORT
 INFO Loading project .
 INFO Generating report for 558 units (using 1 threads)
 INFO Report generated in 0.731s
 INFO Writing to build/GCCP01/report.json
[488/491] PROGRESS
Progress:
  All: 34.86% matched, 19.33% linked (324 / 558 files)
    Code: 646748 / 1855224 bytes (3587 / 4732 functions)
    Data: 931810 / 1489282 bytes (62.57%)
  Game Code: 19.97% matched, 3.33% linked (121 / 267 files)
    Code: 295152 / 1477652 bytes (1999 / 3111 functions)
    Data: 744744 / 1233832 bytes (60.36%)
  RedSound: 61.84% matched, 0.00% linked (0 / 8 files)
    Code: 42096 / 68072 bytes (346 / 379 functions)
    Data: 20754 / 25794 bytes (80.46%)
  SDK Code: 100.00% matched, 100.00% linked (203 / 203 files)
    Code: 309500 / 309500 bytes (1242 / 1242 functions)
    Data: 166312 / 166896 bytes (99.65%)
